2026-05-26 15:41:44,025 INFO databricks.sdk: loading fe-vm-logistics-demos profile from ~/.databrickscfg: host, account_id, workspace_id, auth_type
2026-05-26 15:41:44,050 INFO databricks.sdk: Using Databricks CLI authentication
2026-05-26 15:41:44,051 INFO __main__: Scope: 37 spec(s) across 6 subindustries
2026-05-26 15:41:44,051 INFO __main__: Listing all Genie spaces in workspace...
2026-05-26 15:41:45,807 INFO __main__: Found 89 total spaces; building title index
2026-05-26 15:41:47,422 INFO __main__: Kick-off logistics/route_planning → 01f15940f52f15e5b26a1aaa14188a38 (eval_run_id=01f159434fc4162fa5b1ba4f58ec2215, status=RUNNING)
2026-05-26 15:41:49,593 INFO __main__: Kick-off logistics/fleet_planning_and_optimization → 01f159410e9216c18417cc032a655215 (eval_run_id=01f1594350f117f29da23a57830d9c49, status=RUNNING)
2026-05-26 15:41:51,680 INFO __main__: Kick-off logistics/load_demand_forecasting → 01f159411180116fb3d593296ae4ca86 (eval_run_id=01f15943523c15a093d8f8e0c680871f, status=RUNNING)
2026-05-26 15:41:53,627 INFO __main__: Kick-off machinery/asset_health → 01f15941428817008b72a42a3d962a53 (eval_run_id=01f15943537a128f84d4ec46454bac4d, status=RUNNING)
2026-05-26 15:41:55,712 INFO __main__: Kick-off machinery/machining_process_defect_detection → 01f1594141651f4da9a4f50129433074 (eval_run_id=01f1594354a216a2a8ae6d99ab80489e, status=RUNNING)
2026-05-26 15:42:57,858 INFO __main__: Kick-off machinery/production_monitoring → 01f159414e281233a4eeb9562053309d (eval_run_id=01f1594379c41616bb1aed80274b27e8, status=RUNNING)
2026-05-26 15:42:59,819 INFO __main__: Kick-off machinery/field_service_assistant → 01f1594157cc196f8f2b1287b25c367a (eval_run_id=01f159437aec1017af5d9f0e45dbe55b, status=RUNNING)
2026-05-26 15:43:02,460 INFO __main__: Kick-off machinery/quality_event_root_cause_analysis → 01f1594158e91e7196a4c7d3c73ea793 (eval_run_id=01f159437c18162b8f836516ebfc33f4, status=RUNNING)
2026-05-26 15:43:04,594 INFO __main__: Kick-off machinery/demand_forecasting → 01f1594164171db1a88343bc7c53dc22 (eval_run_id=01f159437daa16f39b96fa2ef98bd9e8, status=RUNNING)
2026-05-26 15:43:06,533 INFO __main__: Kick-off machinery/spare_part_inventory_optimization → 01f159416d65137caf2d2e8d707ed1d1 (eval_run_id=01f159437eee1d32b4506a5660a8dc2d, status=RUNNING)
2026-05-26 15:44:09,346 INFO __main__: Kick-off machinery/manufacturing_resource_planning → 01f159416ee7159ba391a80405c51695 (eval_run_id=01f15943a45e1a25a90a210502cb3695, status=RUNNING)
2026-05-26 15:44:11,389 INFO __main__: Kick-off machinery/working_capital_cash_flow_optimization → 01f1594179db1a7892db0ce6d59234f9 (eval_run_id=01f15943a58912b5ae82bd8f0c5c494c, status=RUNNING)
2026-05-26 15:44:13,369 INFO __main__: Kick-off machinery/financial_analytics_reporting → 01f1594183fa1532842d15b678399a5d (eval_run_id=01f15943a6c0141f97220fd35a2a219e, status=RUNNING)
2026-05-26 15:44:15,484 INFO __main__: Kick-off machinery/spend_intelligence → 01f1594185a811bebc1e67db67a46c5d (eval_run_id=01f15943a7ee17e385e87c752f3649b3, status=RUNNING)
2026-05-26 15:44:17,340 INFO __main__: Kick-off oil_gas_upstream/predictive_maintenance_asset_health → 01f159422a1e13ef96b854d2ed0742b6 (eval_run_id=01f15943a93010a1a296c25a0bcbeb8e, status=RUNNING)
2026-05-26 15:45:19,737 INFO __main__: Kick-off oil_gas_upstream/reservoir_management → 01f159423a2e1ec595b8c41961b9536d (eval_run_id=01f15943ce3e1cfcab2163e30beac9ca, status=RUNNING)
2026-05-26 15:45:21,600 INFO __main__: Kick-off oil_gas_upstream/well_production_monitoring_flow → 01f159424197178f9c7b7199f0095f65 (eval_run_id=01f15943cf7d1702ae0e870179b7c720, status=RUNNING)
2026-05-26 15:45:23,500 INFO __main__: Kick-off oil_gas_midstream/logistics_optimization → 01f15941f44914e9ad66f1465b15aa2d (eval_run_id=01f15943d09a1bb6a0b311a03c668117, status=RUNNING)
2026-05-26 15:45:25,361 INFO __main__: Kick-off oil_gas_midstream/regulation_compliance → 01f15941fce51ac7a59bc3d406dffeff (eval_run_id=01f15943d1bb1ab0bdfaffda2f28d12c, status=RUNNING)
2026-05-26 15:45:27,202 INFO __main__: Kick-off oil_gas_midstream/scenario_planning_business_simulation → 01f15941fcd81f5db9990d4358a7d6d7 (eval_run_id=01f15943d2d71e06a59b7a8b3566932b, status=RUNNING)
2026-05-26 15:46:30,279 INFO __main__: Kick-off oil_gas_midstream/energy_trading → 01f159420b1911f4b2a53b5e6adb1042 (eval_run_id=01f15943f83c1a17b5db0b3248d942cb, status=RUNNING)
2026-05-26 15:46:32,199 INFO __main__: Kick-off oil_gas_midstream/financial_analytics_reporting → 01f15942134b16c9bf88ac738521ca33 (eval_run_id=01f15943f9891f7ca254b8f5f2ed205f, status=RUNNING)
2026-05-26 15:46:34,153 INFO __main__: Kick-off oil_gas_midstream/automated_reporting_of_carbon_intensity → 01f1594213001b6488665066d64771bf (eval_run_id=01f15943faae121581af1e326b114ef4, status=RUNNING)
2026-05-26 15:46:36,106 INFO __main__: Kick-off oil_gas_midstream/working_capital_cash_flow_optimization → 01f15942220f12f7964e569af78e42ee (eval_run_id=01f15943fbd9154f936d5f2d715d2695, status=RUNNING)
2026-05-26 15:46:37,976 INFO __main__: Kick-off oil_gas_midstream/spend_intelligence → 01f15942293d1abba7577b3dd81c477b (eval_run_id=01f15943fd021a39a5d93ae2e3efb6dd, status=RUNNING)
2026-05-26 15:47:40,652 INFO __main__: Kick-off oil_gas_refining/predictive_maintenance_asset_health → 01f15941c1fb13269e958e06e387f541 (eval_run_id=01f1594422581f1fabd54623176b5af5, status=RUNNING)
2026-05-26 15:47:42,594 INFO __main__: Kick-off oil_gas_refining/quality_event_root_cause_analysis → 01f15941cd541bd194ed0b79754c334e (eval_run_id=01f15944237c16b5926e0eafb7b2524a, status=RUNNING)
2026-05-26 15:47:44,523 INFO __main__: Kick-off oil_gas_refining/energy_use_monitoring_heat → 01f15941ce0b16aaa22b75a9059c54c2 (eval_run_id=01f1594424a217abbf2cdc58e9cec5f0, status=RUNNING)
2026-05-26 15:47:46,392 INFO __main__: Kick-off oil_gas_refining/production_monitoring → 01f15941dca41a8f9134ce8c54f8b003 (eval_run_id=01f1594425cb198d9b535c94bc64e62f, status=RUNNING)
2026-05-26 15:47:48,240 INFO __main__: Kick-off oil_gas_refining/financial_analytics_reporting → 01f15941e6261efab9c921c0389393a1 (eval_run_id=01f1594426e51ceb9002118f496a00b9, status=RUNNING)
2026-05-26 15:48:50,432 INFO __main__: Kick-off oil_gas_refining/working_capital_cash_flow_optimization → 01f15941e71c17779b2588db613725f4 (eval_run_id=01f159444be419418676200103718437, status=RUNNING)
2026-05-26 15:48:52,345 INFO __main__: Kick-off oil_gas_integrated/predictive_maintenance_asset_health → 01f1594191991efaaf445b8209ca695c (eval_run_id=01f159444d121e36888220c9c6a16f27, status=RUNNING)
2026-05-26 15:48:54,226 INFO __main__: Kick-off oil_gas_integrated/production_monitoring_control_center → 01f159419cbe166cbf032d85aa5c6f24 (eval_run_id=01f159444e361f1fb752b6dda86fed36, status=RUNNING)
2026-05-26 15:48:56,054 INFO __main__: Kick-off oil_gas_integrated/scenario_planning_business_simulation → 01f159419cf4192fbd103344da25f60e (eval_run_id=01f159444f55131aa734e9573e347216, status=RUNNING)
2026-05-26 15:48:57,983 INFO __main__: Kick-off oil_gas_integrated/capital_investment_simulation → 01f15941a8e412b5b334f678038e0146 (eval_run_id=01f15944506c11579c355511d4d32848, status=RUNNING)
2026-05-26 15:50:00,617 INFO __main__: Kick-off oil_gas_integrated/financial_analytics_reporting → 01f15941b3a51136956ab26db9317625 (eval_run_id=01f1594475ba16fea6b18c110e2c65d0, status=RUNNING)
2026-05-26 15:50:02,646 INFO __main__: Kick-off oil_gas_integrated/working_capital_cash_flow_optimization → 01f15941b4691f5688fa680cdb866f0b (eval_run_id=01f1594476e81b44a130e4a5d8b938c4, status=RUNNING)
2026-05-26 15:50:03,152 INFO __main__: Polling 37 in-flight eval runs every 30s
2026-05-26 15:50:50,642 INFO __main__: Still running: 7. oil_gas_refining/working_capital_cash_flow_optimization=RUNNING(3/7), oil_gas_integrated/predictive_maintenance_asset_health=RUNNING(5/7), oil_gas_integrated/production_monitoring_control_center=RUNNING(2/7), oil_gas_integrated/scenario_planning_business_simulation=RUNNING(5/7), oil_gas_integrated/c
2026-05-26 15:51:23,668 INFO __main__: Still running: 6. oil_gas_refining/working_capital_cash_flow_optimization=RUNNING(4/7), oil_gas_integrated/production_monitoring_control_center=RUNNING(4/7), oil_gas_integrated/scenario_planning_business_simulation=RUNNING(6/7), oil_gas_integrated/capital_investment_simulation=RUNNING(5/7), oil_gas_integrated/financi
2026-05-26 15:51:56,433 INFO __main__: Still running: 2. oil_gas_integrated/financial_analytics_reporting=RUNNING(3/7), oil_gas_integrated/working_capital_cash_flow_optimization=RUNNING(4/7)
2026-05-26 15:52:27,473 INFO __main__: Still running: 2. oil_gas_integrated/financial_analytics_reporting=RUNNING(4/7), oil_gas_integrated/working_capital_cash_flow_optimization=RUNNING(5/7)
2026-05-26 15:53:04,342 INFO __main__: Fetched 7 result(s) for machinery/field_service_assistant
2026-05-26 15:53:04,572 INFO __main__: Fetched 7 result(s) for logistics/load_demand_forecasting
2026-05-26 15:53:04,781 INFO __main__: Fetched 7 result(s) for logistics/route_planning
2026-05-26 15:53:04,891 INFO __main__: Fetched 7 result(s) for machinery/quality_event_root_cause_analysis
2026-05-26 15:53:04,908 INFO __main__: Fetched 7 result(s) for machinery/production_monitoring
2026-05-26 15:53:04,992 INFO __main__: Fetched 7 result(s) for machinery/asset_health
2026-05-26 15:53:05,280 INFO __main__: Fetched 7 result(s) for logistics/fleet_planning_and_optimization
2026-05-26 15:53:05,282 INFO __main__: Fetched 7 result(s) for machinery/machining_process_defect_detection
2026-05-26 15:53:10,346 INFO __main__: Fetched 7 result(s) for machinery/working_capital_cash_flow_optimization
2026-05-26 15:53:10,479 INFO __main__: Fetched 7 result(s) for machinery/manufacturing_resource_planning
2026-05-26 15:53:10,689 INFO __main__: Fetched 7 result(s) for machinery/demand_forecasting
2026-05-26 15:53:11,045 INFO __main__: Fetched 7 result(s) for machinery/spare_part_inventory_optimization
2026-05-26 15:53:11,148 INFO __main__: Fetched 7 result(s) for machinery/financial_analytics_reporting
2026-05-26 15:53:11,182 INFO __main__: Fetched 7 result(s) for machinery/spend_intelligence
2026-05-26 15:53:11,269 INFO __main__: Fetched 7 result(s) for oil_gas_upstream/predictive_maintenance_asset_health
2026-05-26 15:53:11,582 INFO __main__: Fetched 7 result(s) for oil_gas_upstream/reservoir_management
2026-05-26 15:53:16,159 INFO __main__: Fetched 7 result(s) for oil_gas_upstream/well_production_monitoring_flow
2026-05-26 15:53:16,468 INFO __main__: Fetched 7 result(s) for oil_gas_midstream/scenario_planning_business_simulation
2026-05-26 15:53:16,518 INFO __main__: Fetched 7 result(s) for oil_gas_midstream/logistics_optimization
2026-05-26 15:53:16,705 INFO __main__: Fetched 7 result(s) for oil_gas_midstream/regulation_compliance
2026-05-26 15:53:16,737 INFO __main__: Fetched 7 result(s) for oil_gas_midstream/energy_trading
2026-05-26 15:53:16,821 INFO __main__: Fetched 7 result(s) for oil_gas_midstream/financial_analytics_reporting
2026-05-26 15:53:16,999 INFO __main__: Fetched 7 result(s) for oil_gas_midstream/automated_reporting_of_carbon_intensity
2026-05-26 15:53:17,567 INFO __main__: Fetched 7 result(s) for oil_gas_midstream/working_capital_cash_flow_optimization
2026-05-26 15:53:21,754 INFO __main__: Fetched 7 result(s) for oil_gas_refining/production_monitoring
2026-05-26 15:53:21,816 INFO __main__: Fetched 7 result(s) for oil_gas_refining/predictive_maintenance_asset_health
2026-05-26 15:53:22,160 INFO __main__: Fetched 7 result(s) for oil_gas_midstream/spend_intelligence
2026-05-26 15:53:22,281 INFO __main__: Fetched 7 result(s) for oil_gas_refining/working_capital_cash_flow_optimization
2026-05-26 15:53:22,295 INFO __main__: Fetched 7 result(s) for oil_gas_refining/quality_event_root_cause_analysis
2026-05-26 15:53:22,323 INFO __main__: Fetched 7 result(s) for oil_gas_refining/energy_use_monitoring_heat
2026-05-26 15:53:22,349 INFO __main__: Fetched 7 result(s) for oil_gas_refining/financial_analytics_reporting
2026-05-26 15:53:22,824 INFO __main__: Fetched 7 result(s) for oil_gas_integrated/predictive_maintenance_asset_health
2026-05-26 15:53:27,084 INFO __main__: Fetched 7 result(s) for oil_gas_integrated/scenario_planning_business_simulation
2026-05-26 15:53:27,152 INFO __main__: Fetched 7 result(s) for oil_gas_integrated/production_monitoring_control_center
2026-05-26 15:53:27,562 INFO __main__: Fetched 7 result(s) for oil_gas_integrated/capital_investment_simulation
2026-05-26 15:53:27,683 INFO __main__: Fetched 7 result(s) for oil_gas_integrated/financial_analytics_reporting
2026-05-26 15:53:28,000 INFO __main__: Fetched 7 result(s) for oil_gas_integrated/working_capital_cash_flow_optimization
2026-05-26 15:53:28,003 INFO __main__: Wrote 259 question result(s) to benchmark_20260526_154143.jsonl
2026-05-26 15:53:28,003 INFO __main__: Wrote 37 space summary line(s) to benchmark_20260526_154143_summary.jsonl

Done. Spaces: 37, Questions: 259, GOOD=212, NEEDS_REVIEW=0, BAD=47
