2026-05-26 14:54:30,503 INFO databricks.sdk: loading fe-vm-logistics-demos profile from ~/.databrickscfg: host, account_id, workspace_id, auth_type
2026-05-26 14:54:30,522 INFO databricks.sdk: Using Databricks CLI authentication
2026-05-26 14:54:30,523 INFO __main__: Scope: 37 spec(s) across 6 subindustries
2026-05-26 14:54:30,523 INFO __main__: Listing all Genie spaces in workspace...
2026-05-26 14:54:32,325 INFO __main__: Found 89 total spaces; building title index
2026-05-26 14:54:33,971 INFO __main__: Kick-off logistics/route_planning → 01f1593a61881411ab0a2ef98de3c9af (eval_run_id=01f1593cb6ea140d8c28222944c4f0dd, status=RUNNING)
2026-05-26 14:54:36,019 INFO __main__: Kick-off logistics/fleet_planning_and_optimization → 01f1593a779d1d2381cd93aff97ef616 (eval_run_id=01f1593cb81a18e6b199aca4a532d6b7, status=RUNNING)
2026-05-26 14:54:37,927 INFO __main__: Kick-off logistics/load_demand_forecasting → 01f1593a76ee11b6b31270508107d33e (eval_run_id=01f1593cb95512d7868a1cea88c9e567, status=RUNNING)
2026-05-26 14:54:40,013 INFO __main__: Kick-off machinery/asset_health → 01f1593aa75618b9ac791dab9118260e (eval_run_id=01f1593cba761e68bd147391f00a440e, status=RUNNING)
2026-05-26 14:54:42,051 INFO __main__: Kick-off machinery/machining_process_defect_detection → 01f1593aa7f3170a925d4c0b9dae343c (eval_run_id=01f1593cbbb6140c94bd8d39d1dd2fd8, status=RUNNING)
2026-05-26 14:55:44,260 INFO __main__: Kick-off machinery/production_monitoring → 01f1593aaa8e1d838592ff4f8efef4d2 (eval_run_id=01f1593ce0c31d9bb2c908e15c207faa, status=RUNNING)
2026-05-26 14:55:46,195 INFO __main__: Kick-off machinery/field_service_assistant → 01f1593abdb319c787ce8b36790d8b16 (eval_run_id=01f1593ce2011fb0a4502d01f3589ccb, status=RUNNING)
2026-05-26 14:55:48,305 INFO __main__: Kick-off machinery/quality_event_root_cause_analysis → 01f1593abd7913e4b355c0ff61255f95 (eval_run_id=01f1593ce3261b8ca1949c35954aab93, status=RUNNING)
2026-05-26 14:55:50,160 INFO __main__: Kick-off machinery/demand_forecasting → 01f1593ac04b1227942a91ab75587f12 (eval_run_id=01f1593ce46917db93448473a1a5b603, status=RUNNING)
2026-05-26 14:55:52,045 INFO __main__: Kick-off machinery/spare_part_inventory_optimization → 01f1593ad7031933a20b3ef08407d9e9 (eval_run_id=01f1593ce5861724a20dcd4e6d2034db, status=RUNNING)
2026-05-26 14:56:54,126 INFO __main__: Kick-off machinery/manufacturing_resource_planning → 01f1593ad5fb1f398835f93580abf979 (eval_run_id=01f1593d0a811308a28c22e9042fad85, status=RUNNING)
2026-05-26 14:56:56,187 INFO __main__: Kick-off machinery/working_capital_cash_flow_optimization → 01f1593ad5d71cfcbed9be4c9abbc4fa (eval_run_id=01f1593d0ba71f6285b4cfb6bf8da163, status=RUNNING)
2026-05-26 14:56:58,132 INFO __main__: Kick-off machinery/financial_analytics_reporting → 01f1593aeb5817688c23cbf3d8e18a03 (eval_run_id=01f1593d0ce1145789d3056acf7ab23d, status=RUNNING)
2026-05-26 14:57:00,089 INFO __main__: Kick-off machinery/spend_intelligence → 01f1593aeb211ea98a4098d41a2dd4eb (eval_run_id=01f1593d0e0b1839a0d6165ff52bfd29, status=RUNNING)
2026-05-26 14:57:01,984 INFO __main__: Kick-off oil_gas_upstream/predictive_maintenance_asset_health → 01f1593b90231e319a5c48c10d0a7bc5 (eval_run_id=01f1593d0f341fe3abdebd15fe698a87, status=RUNNING)
2026-05-26 14:58:03,934 INFO __main__: Kick-off oil_gas_upstream/reservoir_management → 01f1593b95fb18aa903518f206f6f06e (eval_run_id=01f1593d342f11eab414bd253e345ed9, status=RUNNING)
2026-05-26 14:58:05,826 INFO __main__: Kick-off oil_gas_upstream/well_production_monitoring_flow → 01f1593ba74b16e484f959ae2dfd7ff0 (eval_run_id=01f1593d354112b6984d4704ad201a5d, status=RUNNING)
2026-05-26 14:58:08,426 INFO __main__: Kick-off oil_gas_midstream/logistics_optimization → 01f1593b4fcf170b8c71e8432059140a (eval_run_id=01f1593d36bf1d97aebcc3ef60fb7a76, status=RUNNING)
2026-05-26 14:58:10,410 INFO __main__: Kick-off oil_gas_midstream/regulation_compliance → 01f1593b61a0158f95ef02b85602d67d (eval_run_id=01f1593d37ef10dcb873e494af00f4ae, status=RUNNING)
2026-05-26 14:58:12,392 INFO __main__: Kick-off oil_gas_midstream/scenario_planning_business_simulation → 01f1593b610213e4b03274f73d48a537 (eval_run_id=01f1593d3920155ca967e31279e7942d, status=RUNNING)
2026-05-26 14:59:15,227 INFO __main__: Kick-off oil_gas_midstream/energy_trading → 01f1593b6694126aacf1972778d5c4db (eval_run_id=01f1593d5ea01d409dada84e12ba7a5d, status=RUNNING)
2026-05-26 14:59:17,208 INFO __main__: Kick-off oil_gas_midstream/financial_analytics_reporting → 01f1593b7897176889a1769578756a2f (eval_run_id=01f1593d5fc01417a6f9f84b1cee3487, status=RUNNING)
2026-05-26 14:59:19,214 INFO __main__: Kick-off oil_gas_midstream/automated_reporting_of_carbon_intensity → 01f1593b78da1c239a0d418e342be877 (eval_run_id=01f1593d60f718fa83dd4f73d022e16c, status=RUNNING)
2026-05-26 14:59:21,289 INFO __main__: Kick-off oil_gas_midstream/working_capital_cash_flow_optimization → 01f1593b7ebb1923a2973727d4b37fe7 (eval_run_id=01f1593d621f1f6ea5dce406b5fc3dab, status=RUNNING)
2026-05-26 14:59:23,208 INFO __main__: Kick-off oil_gas_midstream/spend_intelligence → 01f1593b8eaa165c894f6b17216103ce (eval_run_id=01f1593d635d1c44b772e2fbe1111673, status=RUNNING)
2026-05-26 15:00:26,059 INFO __main__: Kick-off oil_gas_refining/predictive_maintenance_asset_health → 01f1593b1f5115a2991e717ca9345926 (eval_run_id=01f1593d88c315c7aaf07c9fc05f12c2, status=RUNNING)
2026-05-26 15:00:28,038 INFO __main__: Kick-off oil_gas_refining/quality_event_root_cause_analysis → 01f1593b31e01ff78e691495a2c67d31 (eval_run_id=01f1593d89fa1ba5b263c5ece0ce835b, status=RUNNING)
2026-05-26 15:00:29,951 INFO __main__: Kick-off oil_gas_refining/energy_use_monitoring_heat → 01f1593b32321efb813b41e3118a31eb (eval_run_id=01f1593d8b2718cf9948568ca014f06a, status=RUNNING)
2026-05-26 15:00:31,927 INFO __main__: Kick-off oil_gas_refining/production_monitoring → 01f1593b3797107c91546f4063715d75 (eval_run_id=01f1593d8c4b1b31a4cad762a2d339ec, status=RUNNING)
2026-05-26 15:00:33,964 INFO __main__: Kick-off oil_gas_refining/financial_analytics_reporting → 01f1593b4abd129bb49caf4af2fa2d05 (eval_run_id=01f1593d8d771b17b055402270d83b11, status=RUNNING)
2026-05-26 15:01:36,477 INFO __main__: Kick-off oil_gas_refining/working_capital_cash_flow_optimization → 01f1593b4b0f1e97a28ab059abf526e1 (eval_run_id=01f1593db2cb19b7881126b6b439ff63, status=RUNNING)
2026-05-26 15:01:38,497 INFO __main__: Kick-off oil_gas_integrated/predictive_maintenance_asset_health → 01f1593aee5a19f0b5caa30d28456df7 (eval_run_id=01f1593db3ed1f299e630b73ef383223, status=RUNNING)
2026-05-26 15:01:40,505 INFO __main__: Kick-off oil_gas_integrated/production_monitoring_control_center → 01f1593b03d5146da495e718274bb264 (eval_run_id=01f1593db5221d299d63f14c92d7b54e, status=RUNNING)
2026-05-26 15:01:42,406 INFO __main__: Kick-off oil_gas_integrated/scenario_planning_business_simulation → 01f1593b034e1332bf7767253b17a9bf (eval_run_id=01f1593db655120c9b6239f740abfd50, status=RUNNING)
2026-05-26 15:01:44,237 INFO __main__: Kick-off oil_gas_integrated/capital_investment_simulation → 01f1593b07681671a725a90630c7d12a (eval_run_id=01f1593db7751272838c2767dc28415b, status=RUNNING)
2026-05-26 15:02:46,522 INFO __main__: Kick-off oil_gas_integrated/financial_analytics_reporting → 01f1593b19921c848ea13bbf2851d810 (eval_run_id=01f1593ddc8512c695c9e87d2cd2b139, status=RUNNING)
2026-05-26 15:02:48,468 INFO __main__: Kick-off oil_gas_integrated/working_capital_cash_flow_optimization → 01f1593b1ad81e2c894fba45d42890af (eval_run_id=01f1593dddad1778a0bba61b229da5b7, status=RUNNING)
2026-05-26 15:02:48,973 INFO __main__: Polling 37 in-flight eval runs every 30s
2026-05-26 15:03:37,358 INFO __main__: Still running: 7. oil_gas_refining/working_capital_cash_flow_optimization=RUNNING(2/7), oil_gas_integrated/predictive_maintenance_asset_health=RUNNING(3/7), oil_gas_integrated/production_monitoring_control_center=RUNNING(5/7), oil_gas_integrated/scenario_planning_business_simulation=RUNNING(4/7), oil_gas_integrated/c
2026-05-26 15:04:11,205 INFO __main__: Still running: 7. oil_gas_refining/working_capital_cash_flow_optimization=RUNNING(4/7), oil_gas_integrated/predictive_maintenance_asset_health=RUNNING(4/7), oil_gas_integrated/production_monitoring_control_center=RUNNING(5/7), oil_gas_integrated/scenario_planning_business_simulation=RUNNING(5/7), oil_gas_integrated/c
2026-05-26 15:04:44,103 INFO __main__: Still running: 2. oil_gas_integrated/financial_analytics_reporting=RUNNING(3/7), oil_gas_integrated/working_capital_cash_flow_optimization=RUNNING(5/7)
2026-05-26 15:05:15,049 INFO __main__: Still running: 2. oil_gas_integrated/financial_analytics_reporting=RUNNING(4/7), oil_gas_integrated/working_capital_cash_flow_optimization=RUNNING(6/7)
2026-05-26 15:05:51,725 INFO __main__: Fetched 7 result(s) for machinery/asset_health
2026-05-26 15:05:52,031 INFO __main__: Fetched 7 result(s) for logistics/load_demand_forecasting
2026-05-26 15:05:52,407 INFO __main__: Fetched 7 result(s) for machinery/machining_process_defect_detection
2026-05-26 15:05:52,413 INFO __main__: Fetched 7 result(s) for machinery/production_monitoring
2026-05-26 15:05:52,583 INFO __main__: Fetched 7 result(s) for machinery/quality_event_root_cause_analysis
2026-05-26 15:05:52,740 INFO __main__: Fetched 7 result(s) for logistics/fleet_planning_and_optimization
2026-05-26 15:05:52,925 INFO __main__: Fetched 7 result(s) for logistics/route_planning
2026-05-26 15:05:53,665 INFO __main__: Fetched 7 result(s) for machinery/field_service_assistant
2026-05-26 15:05:57,395 INFO __main__: Fetched 7 result(s) for machinery/manufacturing_resource_planning
2026-05-26 15:05:58,058 INFO __main__: Fetched 7 result(s) for machinery/demand_forecasting
2026-05-26 15:05:58,360 INFO __main__: Fetched 7 result(s) for machinery/working_capital_cash_flow_optimization
2026-05-26 15:05:58,397 INFO __main__: Fetched 7 result(s) for machinery/spare_part_inventory_optimization
2026-05-26 15:05:58,984 INFO __main__: Fetched 7 result(s) for machinery/spend_intelligence
2026-05-26 15:05:59,401 INFO __main__: Fetched 7 result(s) for machinery/financial_analytics_reporting
2026-05-26 15:05:59,678 INFO __main__: Fetched 7 result(s) for oil_gas_upstream/reservoir_management
2026-05-26 15:05:59,934 INFO __main__: Fetched 7 result(s) for oil_gas_upstream/predictive_maintenance_asset_health
2026-05-26 15:06:03,796 INFO __main__: Fetched 7 result(s) for oil_gas_midstream/scenario_planning_business_simulation
2026-05-26 15:06:03,934 INFO __main__: Fetched 7 result(s) for oil_gas_upstream/well_production_monitoring_flow
2026-05-26 15:06:04,095 INFO __main__: Fetched 7 result(s) for oil_gas_midstream/logistics_optimization
2026-05-26 15:06:04,969 INFO __main__: Fetched 7 result(s) for oil_gas_midstream/financial_analytics_reporting
2026-05-26 15:06:05,025 INFO __main__: Fetched 7 result(s) for oil_gas_midstream/energy_trading
2026-05-26 15:06:05,740 INFO __main__: Fetched 7 result(s) for oil_gas_midstream/automated_reporting_of_carbon_intensity
2026-05-26 15:06:05,899 INFO __main__: Fetched 7 result(s) for oil_gas_midstream/regulation_compliance
2026-05-26 15:06:06,374 INFO __main__: Fetched 7 result(s) for oil_gas_midstream/working_capital_cash_flow_optimization
2026-05-26 15:06:09,388 INFO __main__: Fetched 7 result(s) for oil_gas_refining/predictive_maintenance_asset_health
2026-05-26 15:06:10,596 INFO __main__: Fetched 7 result(s) for oil_gas_refining/quality_event_root_cause_analysis
2026-05-26 15:06:10,808 INFO __main__: Fetched 7 result(s) for oil_gas_refining/energy_use_monitoring_heat
2026-05-26 15:06:10,902 INFO __main__: Fetched 7 result(s) for oil_gas_midstream/spend_intelligence
2026-05-26 15:06:11,159 INFO __main__: Fetched 7 result(s) for oil_gas_refining/production_monitoring
2026-05-26 15:06:11,306 INFO __main__: Fetched 7 result(s) for oil_gas_refining/financial_analytics_reporting
2026-05-26 15:06:12,086 INFO __main__: Fetched 7 result(s) for oil_gas_refining/working_capital_cash_flow_optimization
2026-05-26 15:06:12,120 INFO __main__: Fetched 7 result(s) for oil_gas_integrated/predictive_maintenance_asset_health
2026-05-26 15:06:14,714 INFO __main__: Fetched 7 result(s) for oil_gas_integrated/production_monitoring_control_center
2026-05-26 15:06:16,578 INFO __main__: Fetched 7 result(s) for oil_gas_integrated/financial_analytics_reporting
2026-05-26 15:06:16,600 INFO __main__: Fetched 7 result(s) for oil_gas_integrated/capital_investment_simulation
2026-05-26 15:06:17,053 INFO __main__: Fetched 7 result(s) for oil_gas_integrated/scenario_planning_business_simulation
2026-05-26 15:06:17,579 INFO __main__: Fetched 7 result(s) for oil_gas_integrated/working_capital_cash_flow_optimization
2026-05-26 15:06:17,581 INFO __main__: Wrote 259 question result(s) to benchmark_20260526_145430.jsonl
2026-05-26 15:06:17,582 INFO __main__: Wrote 37 space summary line(s) to benchmark_20260526_145430_summary.jsonl

Done. Spaces: 37, Questions: 259, GOOD=214, NEEDS_REVIEW=0, BAD=45
